.\.venv\Scripts\python.exe : ..................................................
...............................................................................
...............................................................................
...............................................................................
...............................................................................
.................................................
At line:1 char:36
+ ... in/dungeon; .\.venv\Scripts\python.exe -m unittest discover -s tests  ...
+                 ~~~~~~~~~~~~~~~~~~~~~~~~~~~~~~~~~~~~~~~~~~~~~~~~~~~~~~~~~
    + CategoryInfo          : NotSpecified: (................................. 
   :String) [], RemoteException
    + FullyQualifiedErrorId : NativeCommandError
 
----------------------------------------------------------------------
Ran 415 tests in 6.544s

OK
pygame 2.6.1 (SDL 2.28.4, Python 3.13.13)
Hello from the pygame community. https://www.pygame.org/contribute.html
